// Jest Snapshot v1, https://goo.gl/fbAQLP

exports[`HomeScreen renders 1`] = `
<RCTSafeAreaView
  emulateUnlessSupported={true}
  style={
    Object {
      "flex": 1,
    }
  }
>
  <RCTScrollView>
    <View>
      <Text
        className="sc-AykKE bMNOwo"
      >
        Welcome Home!
      </Text>
      <View
        accessible={true}
        isTVSelectable={true}
        onResponderGrant={[Function]}
        onResponderMove={[Function]}
        onResponderRelease={[Function]}
        onResponderTerminate={[Function]}
        onResponderTerminationRequest={[Function]}
        onStartShouldSetResponder={[Function]}
        style={null}
      >
        <Text
          style={null}
        >
          Go to Settings
        </Text>
      </View>
    </View>
  </RCTScrollView>
  <View>
    <View
      className="sc-AykKC fQNdfl"
    >
      <View
        className="sc-AykKD jHLvSh"
      >
        <View
          accessible={true}
          isTVSelectable={true}
          onResponderGrant={[Function]}
          onResponderMove={[Function]}
          onResponderRelease={[Function]}
          onResponderTerminate={[Function]}
          onResponderTerminationRequest={[Function]}
          onStartShouldSetResponder={[Function]}
          style={null}
        >
          <Text
            style={null}
          >
            Home
          </Text>
        </View>
      </View>
      <View
        className="sc-AykKD jHLvSh"
      >
        <View
          accessible={true}
          isTVSelectable={true}
          onResponderGrant={[Function]}
          onResponderMove={[Function]}
          onResponderRelease={[Function]}
          onResponderTerminate={[Function]}
          onResponderTerminationRequest={[Function]}
          onStartShouldSetResponder={[Function]}
          style={null}
        >
          <Text
            style={null}
          >
            Settings
          </Text>
        </View>
      </View>
    </View>
  </View>
</RCTSafeAreaView>
`;
